// Jest Snapshot v1, https://goo.gl/fbAQLP

exports[`Should throw error if request is send on multiple channels at once 1`] = `"Can only send request on a single channel at once"`;
